=====================================
KGSM Test Report
Generated: Sun Jun  8 10:48:10 PM CEST 2025
=====================================


=====================================
Test Summary
=====================================
Total Tests: 0
Passed: 0
Failed: 0
Skipped: 0
Success Rate: 0%
=====================================
=====================================
KGSM Test Report
Generated: Sun Jun  8 10:50:34 PM CEST 2025
=====================================


=====================================
Test Summary
=====================================
Total Tests: 0
Passed: 0
Failed: 0
Skipped: 0
Success Rate: 0%
=====================================
=====================================
KGSM Test Report
Generated: Sun Jun  8 10:54:14 PM CEST 2025
=====================================


=====================================
Test Summary
=====================================
Total Tests: 0
Passed: 0
Failed: 0
Skipped: 0
Success Rate: 0%
=====================================
=====================================
KGSM Test Report
Generated: Sun Jun  8 11:08:14 PM CEST 2025
=====================================


=====================================
Test Summary
=====================================
Total Tests: 0
Passed: 0
Failed: 0
Skipped: 0
Success Rate: 0%
=====================================
=====================================
KGSM Test Report
Generated: Sun Jun  8 11:10:02 PM CEST 2025
=====================================


=====================================
Test Summary
=====================================
Total Tests: 0
Passed: 0
Failed: 0
Skipped: 0
Success Rate: 0%
=====================================
=====================================
KGSM Test Report
Generated: Sun Jun  8 11:12:02 PM CEST 2025
=====================================


=====================================
Test Summary
=====================================
Total Tests: 0
Passed: 0
Failed: 0
Skipped: 0
Success Rate: 0%
=====================================
=====================================
KGSM Test Report
Generated: Sun Jun  8 11:15:43 PM CEST 2025
=====================================


=====================================
Test Summary
=====================================
Total Tests: 0
Passed: 0
Failed: 0
Skipped: 0
Success Rate: 0%
=====================================
=====================================
KGSM Test Report
Generated: Sun Jun  8 11:16:21 PM CEST 2025
=====================================


=====================================
Test Summary
=====================================
Total Tests: 0
Passed: 0
Failed: 0
Skipped: 0
Success Rate: 0%
=====================================
=====================================
KGSM Test Report
Generated: Sun Jun  8 11:16:35 PM CEST 2025
=====================================


=====================================
Test Summary
=====================================
Total Tests: 0
Passed: 0
Failed: 0
Skipped: 0
Success Rate: 0%
=====================================
=====================================
KGSM Test Report
Generated: Sun Jun  8 11:16:57 PM CEST 2025
=====================================


=====================================
Test Summary
=====================================
Total Tests: 0
Passed: 0
Failed: 0
Skipped: 0
Success Rate: 0%
=====================================
=====================================
KGSM Test Report
Generated: Sun Jun  8 11:18:12 PM CEST 2025
=====================================


=====================================
Test Summary
=====================================
Total Tests: 0
Passed: 0
Failed: 0
Skipped: 0
Success Rate: 0%
=====================================
=====================================
KGSM Test Report
Generated: Sun Jun  8 11:22:44 PM CEST 2025
=====================================


=====================================
Test Summary
=====================================
Total Tests: 0
Passed: 0
Failed: 0
Skipped: 0
Success Rate: 0%
=====================================
=====================================
KGSM Test Report
Generated: Sun Jun  8 11:25:27 PM CEST 2025
=====================================


=====================================
Test Summary
=====================================
Total Tests: 0
Passed: 0
Failed: 0
Skipped: 0
Success Rate: 0%
=====================================
=====================================
KGSM Test Report
Generated: Sun Jun  8 11:28:18 PM CEST 2025
=====================================


=====================================
Test Summary
=====================================
Total Tests: 5
Passed: 5
Failed: 0
Skipped: 0
Success Rate: 100%
=====================================
=====================================
KGSM Test Report
Generated: Sun Jun  8 11:29:24 PM CEST 2025
=====================================


=====================================
Test Summary
=====================================
Total Tests: 1
Passed: 1
Failed: 0
Skipped: 0
Success Rate: 100%
=====================================
=====================================
KGSM Test Report
Generated: Sun Jun  8 11:34:09 PM CEST 2025
=====================================


=====================================
Test Summary
=====================================
Test Files:
  Total: 5
  Passed: 5
  Failed: 0
  Skipped: 0
  Success Rate: 100%

Assertions:
  Total: 0
  Passed: 0
  Failed: 0
  Success Rate: 0%
=====================================
=====================================
KGSM Test Report
Generated: Sun Jun  8 11:38:55 PM CEST 2025
=====================================


=====================================
Test Summary
=====================================
Total Tests: 0
Passed: 0
Failed: 0
Skipped: 0
Success Rate: 0%
=====================================
=====================================
KGSM Test Report
Generated: Sun Jun  8 11:43:48 PM CEST 2025
=====================================


=====================================
Test Summary
=====================================
Total Tests: 0
Passed: 0
Failed: 0
Skipped: 0
Success Rate: 0%
=====================================
=====================================
KGSM Test Report
Generated: Sun Jun  8 11:44:44 PM CEST 2025
=====================================


=====================================
Test Summary
=====================================
Total Tests: 0
Passed: 0
Failed: 0
Skipped: 0
Success Rate: 0%
=====================================
=====================================
KGSM Test Report
Generated: Sun Jun  8 11:45:08 PM CEST 2025
=====================================


=====================================
Test Summary
=====================================
Total Tests: 0
Passed: 0
Failed: 0
Skipped: 0
Success Rate: 0%
=====================================
=====================================
KGSM Test Report
Generated: Mon Jun  9 12:41:20 AM CEST 2025
=====================================


=====================================
Test Summary
=====================================
Total Tests: 0
Passed: 0
Failed: 0
Skipped: 0
Success Rate: 0%
=====================================
=====================================
KGSM Test Report
Generated: Mon Jun  9 12:46:49 AM CEST 2025
=====================================


=====================================
Test Summary
=====================================
Total Tests: 0
Passed: 0
Failed: 0
Skipped: 0
Success Rate: 0%
=====================================
